// Vitest Snapshot v1

exports[`#sum > toUpperCase 1`] = `"FOOBAR"`;
